Archive member included to satisfy reference by file (symbol)

C:/ST/STM32CubeIDE_1.11.2/STM32CubeIDE/plugins/com.st.stm32cube.ide.mcu.externaltools.gnu-tools-for-stm32.12.3.rel1.win32_1.0.100.202403111256/tools/bin/../lib/gcc/arm-none-eabi/12.3.1/../../../../arm-none-eabi/lib/thumb/v7e-m+fp/hard\libc_nano.a(libc_a-exit.o)
                              C:/ST/STM32CubeIDE_1.11.2/STM32CubeIDE/plugins/com.st.stm32cube.ide.mcu.externaltools.gnu-tools-for-stm32.12.3.rel1.win32_1.0.100.202403111256/tools/bin/../lib/gcc/arm-none-eabi/12.3.1/../../../../arm-none-eabi/lib/thumb/v7e-m+fp/hard/crt0.o (exit)
C:/ST/STM32CubeIDE_1.11.2/STM32CubeIDE/plugins/com.st.stm32cube.ide.mcu.externaltools.gnu-tools-for-stm32.12.3.rel1.win32_1.0.100.202403111256/tools/bin/../lib/gcc/arm-none-eabi/12.3.1/../../../../arm-none-eabi/lib/thumb/v7e-m+fp/hard\libc_nano.a(libc_a-findfp.o)
                              C:/ST/STM32CubeIDE_1.11.2/STM32CubeIDE/plugins/com.st.stm32cube.ide.mcu.externaltools.gnu-tools-for-stm32.12.3.rel1.win32_1.0.100.202403111256/tools/bin/../lib/gcc/arm-none-eabi/12.3.1/../../../../arm-none-eabi/lib/thumb/v7e-m+fp/hard\libc_nano.a(libc_a-exit.o) (__stdio_exit_handler)
C:/ST/STM32CubeIDE_1.11.2/STM32CubeIDE/plugins/com.st.stm32cube.ide.mcu.externaltools.gnu-tools-for-stm32.12.3.rel1.win32_1.0.100.202403111256/tools/bin/../lib/gcc/arm-none-eabi/12.3.1/../../../../arm-none-eabi/lib/thumb/v7e-m+fp/hard\libc_nano.a(libc_a-fwalk.o)
                              C:/ST/STM32CubeIDE_1.11.2/STM32CubeIDE/plugins/com.st.stm32cube.ide.mcu.externaltools.gnu-tools-for-stm32.12.3.rel1.win32_1.0.100.202403111256/tools/bin/../lib/gcc/arm-none-eabi/12.3.1/../../../../arm-none-eabi/lib/thumb/v7e-m+fp/hard\libc_nano.a(libc_a-findfp.o) (_fwalk_sglue)
C:/ST/STM32CubeIDE_1.11.2/STM32CubeIDE/plugins/com.st.stm32cube.ide.mcu.externaltools.gnu-tools-for-stm32.12.3.rel1.win32_1.0.100.202403111256/tools/bin/../lib/gcc/arm-none-eabi/12.3.1/../../../../arm-none-eabi/lib/thumb/v7e-m+fp/hard\libc_nano.a(libc_a-stdio.o)
                              C:/ST/STM32CubeIDE_1.11.2/STM32CubeIDE/plugins/com.st.stm32cube.ide.mcu.externaltools.gnu-tools-for-stm32.12.3.rel1.win32_1.0.100.202403111256/tools/bin/../lib/gcc/arm-none-eabi/12.3.1/../../../../arm-none-eabi/lib/thumb/v7e-m+fp/hard\libc_nano.a(libc_a-findfp.o) (__sread)
C:/ST/STM32CubeIDE_1.11.2/STM32CubeIDE/plugins/com.st.stm32cube.ide.mcu.externaltools.gnu-tools-for-stm32.12.3.rel1.win32_1.0.100.202403111256/tools/bin/../lib/gcc/arm-none-eabi/12.3.1/../../../../arm-none-eabi/lib/thumb/v7e-m+fp/hard\libc_nano.a(libc_a-memset.o)
                              C:/ST/STM32CubeIDE_1.11.2/STM32CubeIDE/plugins/com.st.stm32cube.ide.mcu.externaltools.gnu-tools-for-stm32.12.3.rel1.win32_1.0.100.202403111256/tools/bin/../lib/gcc/arm-none-eabi/12.3.1/../../../../arm-none-eabi/lib/thumb/v7e-m+fp/hard/crt0.o (memset)
C:/ST/STM32CubeIDE_1.11.2/STM32CubeIDE/plugins/com.st.stm32cube.ide.mcu.externaltools.gnu-tools-for-stm32.12.3.rel1.win32_1.0.100.202403111256/tools/bin/../lib/gcc/arm-none-eabi/12.3.1/../../../../arm-none-eabi/lib/thumb/v7e-m+fp/hard\libc_nano.a(libc_a-closer.o)
                              C:/ST/STM32CubeIDE_1.11.2/STM32CubeIDE/plugins/com.st.stm32cube.ide.mcu.externaltools.gnu-tools-for-stm32.12.3.rel1.win32_1.0.100.202403111256/tools/bin/../lib/gcc/arm-none-eabi/12.3.1/../../../../arm-none-eabi/lib/thumb/v7e-m+fp/hard\libc_nano.a(libc_a-stdio.o) (_close_r)
C:/ST/STM32CubeIDE_1.11.2/STM32CubeIDE/plugins/com.st.stm32cube.ide.mcu.externaltools.gnu-tools-for-stm32.12.3.rel1.win32_1.0.100.202403111256/tools/bin/../lib/gcc/arm-none-eabi/12.3.1/../../../../arm-none-eabi/lib/thumb/v7e-m+fp/hard\libc_nano.a(libc_a-reent.o)
                              C:/ST/STM32CubeIDE_1.11.2/STM32CubeIDE/plugins/com.st.stm32cube.ide.mcu.externaltools.gnu-tools-for-stm32.12.3.rel1.win32_1.0.100.202403111256/tools/bin/../lib/gcc/arm-none-eabi/12.3.1/../../../../arm-none-eabi/lib/thumb/v7e-m+fp/hard\libc_nano.a(libc_a-closer.o) (errno)
C:/ST/STM32CubeIDE_1.11.2/STM32CubeIDE/plugins/com.st.stm32cube.ide.mcu.externaltools.gnu-tools-for-stm32.12.3.rel1.win32_1.0.100.202403111256/tools/bin/../lib/gcc/arm-none-eabi/12.3.1/../../../../arm-none-eabi/lib/thumb/v7e-m+fp/hard\libc_nano.a(libc_a-impure.o)
                              C:/ST/STM32CubeIDE_1.11.2/STM32CubeIDE/plugins/com.st.stm32cube.ide.mcu.externaltools.gnu-tools-for-stm32.12.3.rel1.win32_1.0.100.202403111256/tools/bin/../lib/gcc/arm-none-eabi/12.3.1/../../../../arm-none-eabi/lib/thumb/v7e-m+fp/hard\libc_nano.a(libc_a-reent.o) (_impure_ptr)
C:/ST/STM32CubeIDE_1.11.2/STM32CubeIDE/plugins/com.st.stm32cube.ide.mcu.externaltools.gnu-tools-for-stm32.12.3.rel1.win32_1.0.100.202403111256/tools/bin/../lib/gcc/arm-none-eabi/12.3.1/../../../../arm-none-eabi/lib/thumb/v7e-m+fp/hard\libc_nano.a(libc_a-lseekr.o)
[...]
Memory Configuration

Name             Origin             Length             Attributes
RAM              0x20000000         0x00020000         xrw
FLASH            0x08000000         0x00080000         xr
*default*        0x00000000         0xffffffff

Linker script and memory map

LOAD C:/ST/STM32CubeIDE_1.11.2/STM32CubeIDE/plugins/com.st.stm32cube.ide.mcu.externaltools.gnu-tools-for-stm32.12.3.rel1.win32_1.0.100.202403111256/tools/bin/../lib/gcc/arm-none-eabi/12.3.1/thumb/v7e-m+fp/hard/crti.o
LOAD C:/ST/STM32CubeIDE_1.11.2/STM32CubeIDE/plugins/com.st.stm32cube.ide.mcu.externaltools.gnu-tools-for-stm32.12.3.rel1.win32_1.0.100.202403111256/tools/bin/../lib/gcc/arm-none-eabi/12.3.1/thumb/v7e-m+fp/hard/crtbegin.o
LOAD C:/ST/STM32CubeIDE_1.11.2/STM32CubeIDE/plugins/com.st.stm32cube.ide.mcu.externaltools.gnu-tools-for-stm32.12.3.rel1.win32_1.0.100.202403111256/tools/bin/../lib/gcc/arm-none-eabi/12.3.1/../../../../arm-none-eabi/lib/thumb/v7e-m+fp/hard/crt0.o
LOAD ./Src/CS43xx.o
LOAD ./Src/I2C.o
LOAD ./Src/I2S.o
LOAD ./Src/LED.o
LOAD ./Src/SYSTICK.o
LOAD ./Src/main.o
LOAD ./Src/syscalls.o
LOAD ./Src/sysmem.o
LOAD ./Src/system_init.o
LOAD ./Startup/startup_stm32f411vetx.o
START GROUP
LOAD C:/ST/STM32CubeIDE_1.11.2/STM32CubeIDE/plugins/com.st.stm32cube.ide.mcu.externaltools.gnu-tools-for-stm32.12.3.rel1.win32_1.0.100.202403111256/tools/bin/../lib/gcc/arm-none-eabi/12.3.1/../../../../arm-none-eabi/lib/thumb/v7e-m+fp/hard\libc_nano.a
LOAD C:/ST/STM32CubeIDE_1.11.2/STM32CubeIDE/plugins/com.st.stm32cube.ide.mcu.externaltools.gnu-tools-for-stm32.12.3.rel1.win32_1.0.100.202403111256/tools/bin/../lib/gcc/arm-none-eabi/12.3.1/../../../../arm-none-eabi/lib/thumb/v7e-m+fp/hard\libm.a
END GROUP
START GROUP
LOAD C:/ST/STM32CubeIDE_1.11.2/STM32CubeIDE/plugins/com.st.stm32cube.ide.mcu.externaltools.gnu-tools-for-stm32.12.3.rel1.win32_1.0.100.202403111256/tools/bin/../lib/gcc/arm-none-eabi/12.3.1/thumb/v7e-m+fp/hard\libgcc.a
LOAD C:/ST/STM32CubeIDE_1.11.2/STM32CubeIDE/plugins/com.st.stm32cube.ide.mcu.externaltools.gnu-tools-for-stm32.12.3.rel1.win32_1.0.100.202403111256/tools/bin/../lib/gcc/arm-none-eabi/12.3.1/../../../../arm-none-eabi/lib/thumb/v7e-m+fp/hard\libc_nano.a
END GROUP
START GROUP
LOAD C:/ST/STM32CubeIDE_1.11.2/STM32CubeIDE/plugins/com.st.stm32cube.ide.mcu.externaltools.gnu-tools-for-stm32.12.3.rel1.win32_1.0.100.202403111256/tools/bin/../lib/gcc/arm-none-eabi/12.3.1/thumb/v7e-m+fp/hard\libgcc.a
LOAD C:/ST/STM32CubeIDE_1.11.2/STM32CubeIDE/plugins/com.st.stm32cube.ide.mcu.externaltools.gnu-tools-for-stm32.12.3.rel1.win32_1.0.100.202403111256/tools/bin/../lib/gcc/arm-none-eabi/12.3.1/../../../../arm-none-eabi/lib/thumb/v7e-m+fp/hard\libc_nano.a
LOAD C:/ST/STM32CubeIDE_1.11.2/STM32CubeIDE/plugins/com.st.stm32cube.ide.mcu.externaltools.gnu-tools-for-stm32.12.3.rel1.win32_1.0.100.202403111256/tools/bin/../lib/gcc/arm-none-eabi/12.3.1/../../../../arm-none-eabi/lib/thumb/v7e-m+fp/hard\libnosys.a
END GROUP
START GROUP
LOAD C:/ST/STM32CubeIDE_1.11.2/STM32CubeIDE/plugins/com.st.stm32cube.ide.mcu.externaltools.gnu-tools-for-stm32.12.3.rel1.win32_1.0.100.202403111256/tools/bin/../lib/gcc/arm-none-eabi/12.3.1/thumb/v7e-m+fp/hard\libgcc.a
LOAD C:/ST/STM32CubeIDE_1.11.2/STM32CubeIDE/plugins/com.st.stm32cube.ide.mcu.externaltools.gnu-tools-for-stm32.12.3.rel1.win32_1.0.100.202403111256/tools/bin/../lib/gcc/arm-none-eabi/12.3.1/../../../../arm-none-eabi/lib/thumb/v7e-m+fp/hard\libc_nano.a
LOAD C:/ST/STM32CubeIDE_1.11.2/STM32CubeIDE/plugins/com.st.stm32cube.ide.mcu.externaltools.gnu-tools-for-stm32.12.3.rel1.win32_1.0.100.202403111256/tools/bin/../lib/gcc/arm-none-eabi/12.3.1/../../../../arm-none-eabi/lib/thumb/v7e-m+fp/hard\libnosys.a
END GROUP
LOAD C:/ST/STM32CubeIDE_1.11.2/STM32CubeIDE/plugins/com.st.stm32cube.ide.mcu.externaltools.gnu-tools-for-stm32.12.3.rel1.win32_1.0.100.202403111256/tools/bin/../lib/gcc/arm-none-eabi/12.3.1/thumb/v7e-m+fp/hard/crtend.o
LOAD C:/ST/STM32CubeIDE_1.11.2/STM32CubeIDE/plugins/com.st.stm32cube.ide.mcu.externaltools.gnu-tools-for-stm32.12.3.rel1.win32_1.0.100.202403111256/tools/bin/../lib/gcc/arm-none-eabi/12.3.1/thumb/v7e-m+fp/hard/crtn.o
                0x20020000                        _estack = (ORIGIN (RAM) + LENGTH (RAM))
                0x00000200                        _Min_Heap_Size = 0x200
                0x00000400                        _Min_Stack_Size = 0x400

.isr_vector     0x08000000      0x198
                0x08000000                        . = ALIGN (0x4)
 *(.isr_vector)
 .isr_vector    0x08000000      0x198 ./Startup/startup_stm32f411vetx.o
                0x08000000                g_pfnVectors
                0x08000198                        . = ALIGN (0x4)

.text           0x08000198     0x13f0
                0x08000198                        . = ALIGN (0x4)
 *(.text)
 .text          0x08000198       0x40 C:/ST/STM32CubeIDE_1.11.2/STM32CubeIDE/plugins/com.st.stm32cube.ide.mcu.externaltools.gnu-tools-for-stm32.12.3.rel1.win32_1.0.100.202403111256/tools/bin/../lib/gcc/arm-none-eabi/12.3.1/thumb/v7e-m+fp/hard/crtbegin.o
 *(.text*)
 .text.CS43_WriteRegister
                0x080001d8       0x38 ./Src/CS43xx.o
 .text.CS43_ReadRegister
                0x08000210       0x44 ./Src/CS43xx.o
 .text.CS43_RST_Init
                0x08000254       0x48 ./Src/CS43xx.o
 .text.CS43_RST_HIGH
                0x0800029c       0x20 ./Src/CS43xx.o
 .text.CS43_Init
                0x080002bc       0xf8 ./Src/CS43xx.o
                0x080002bc                CS43_Init
 .text.CS43_Start
                0x080003b4       0x7e ./Src/CS43xx.o
                0x080003b4                CS43_Start
 *fill*         0x08000432        0x2 
 .text.CS43_SetSide
                0x08000434       0x5c ./Src/CS43xx.o
                0x08000434                CS43_SetSide
 .text.CS43_SetVolume
                0x08000490       0x80 ./Src/CS43xx.o
                0x08000490                CS43_SetVolume
 .text.I2C1_Init
                0x08000510       0xbc ./Src/I2C.o
                0x08000510                I2C1_Init
 .text.I2C1_Start
                0x080005cc       0x30 ./Src/I2C.o
                0x080005cc                I2C1_Start
 .text.I2C1_SendAddress
                0x080005fc       0x50 ./Src/I2C.o
                0x080005fc                I2C1_SendAddress
 .text.I2C1_SendData
                0x0800064c       0x30 ./Src/I2C.o
                0x0800064c                I2C1_SendData
 .text.I2C1_ReadData
                0x0800067c       0x2c ./Src/I2C.o
                0x0800067c                I2C1_ReadData
 .text.I2C1_DisableACK
                0x080006a8       0x24 ./Src/I2C.o
                0x080006a8                I2C1_DisableACK
 .text.I2C1_Stop
                0x080006cc       0x20 ./Src/I2C.o
                0x080006cc                I2C1_Stop
 .text.__NVIC_EnableIRQ
                0x080006ec       0x3c ./Src/I2S.o
 .text.I2S3_GPIO_Init
                0x08000728       0x6c ./Src/I2S.o
 .text.I2S3_Init
                0x08000794       0xf8 ./Src/I2S.o
                0x08000794                I2S3_Init
 .text.I2S3_SendData_Polling
                0x0800088c       0x70 ./Src/I2S.o
                0x0800088c                I2S3_SendData_Polling
 .text.SPI3_IRQHandler
                0x080008fc        0xe ./Src/I2S.o
                0x080008fc                SPI3_IRQHandler
 .text.DMA1_Stream7_IRQHandler
                0x0800090a        0xe ./Src/I2S.o
                0x0800090a                DMA1_Stream7_IRQHandler
 .text.main     0x08000918       0xdc ./Src/main.o
                0x08000918                main
 .text.PLLI2SClock_Config
                0x080009f4       0x60 ./Src/system_init.o
                0x080009f4                PLLI2SClock_Config
 .text.SystemInit
                0x08000a54        0xc ./Src/system_init.o
                0x08000a54                SystemInit
 .text.Reset_Handler
                0x08000a60       0x50 ./Startup/startup_stm32f411vetx.o
                0x08000a60                Reset_Handler
 .text.Default_Handler
                0x08000ab0        0x2 ./Startup/startup_stm32f411vetx.o
                0x08000ab0                RTC_Alarm_IRQHandler
                0x08000ab0                EXTI2_IRQHandler
                0x08000ab0                DebugMon_Handler
                0x08000ab0                SPI4_IRQHandler
                0x08000ab0                TIM1_CC_IRQHandler
                0x08000ab0                DMA2_Stream5_IRQHandler
                0x08000ab0                HardFault_Handler
                0x08000ab0                DMA1_Stream5_IRQHandler
                0x08000ab0                SysTick_Handler
                0x08000ab0                PVD_IRQHandler
                0x08000ab0                SDIO_IRQHandler
                0x08000ab0                TAMP_STAMP_IRQHandler
                0x08000ab0                PendSV_Handler
                0x08000ab0                NMI_Handler
                0x08000ab0                EXTI3_IRQHandler
                0x08000ab0                TIM1_UP_TIM10_IRQHandler
                0x08000ab0                I2C3_ER_IRQHandler
                0x08000ab0                EXTI0_IRQHandler
                0x08000ab0                I2C2_EV_IRQHandler
                0x08000ab0                DMA1_Stream2_IRQHandler
                0x08000ab0                UsageFault_Handler
                0x08000ab0                DMA2_Stream2_IRQHandler
                0x08000ab0                SPI1_IRQHandler
                0x08000ab0                TIM1_BRK_TIM9_IRQHandler
                0x08000ab0                DMA2_Stream3_IRQHandler
                0x08000ab0                USART6_IRQHandler
                0x08000ab0                DMA2_Stream0_IRQHandler
                0x08000ab0                TIM4_IRQHandler
                0x08000ab0                I2C1_EV_IRQHandler
                0x08000ab0                DMA1_Stream6_IRQHandler
                0x08000ab0                DMA1_Stream1_IRQHandler
                0x08000ab0                TIM3_IRQHandler
                0x08000ab0                RCC_IRQHandler
                0x08000ab0                Default_Handler
                0x08000ab0                EXTI15_10_IRQHandler
                0x08000ab0                ADC_IRQHandler
                0x08000ab0                SPI5_IRQHandler
                0x08000ab0                TIM5_IRQHandler
                0x08000ab0                DMA2_Stream7_IRQHandler
                0x08000ab0                I2C3_EV_IRQHandler
                0x08000ab0                EXTI9_5_IRQHandler
                0x08000ab0                RTC_WKUP_IRQHandler
                0x08000ab0                SPI2_IRQHandler
                0x08000ab0                MemManage_Handler
                0x08000ab0                DMA1_Stream0_IRQHandler
                0x08000ab0                SVC_Handler
                0x08000ab0                EXTI4_IRQHandler
                0x08000ab0                WWDG_IRQHandler
                0x08000ab0                TIM2_IRQHandler
                0x08000ab0                OTG_FS_WKUP_IRQHandler
                0x08000ab0                TIM1_TRG_COM_TIM11_IRQHandler
                0x08000ab0                EXTI1_IRQHandler
                0x08000ab0                USART2_IRQHandler
                0x08000ab0                I2C2_ER_IRQHandler
                0x08000ab0                DMA2_Stream1_IRQHandler
                0x08000ab0                FLASH_IRQHandler
                0x08000ab0                DMA2_Stream4_IRQHandler
                0x08000ab0                BusFault_Handler
                0x08000ab0                USART1_IRQHandler
                0x08000ab0                OTG_FS_IRQHandler
                0x08000ab0                DMA1_Stream4_IRQHandler
                0x08000ab0                I2C1_ER_IRQHandler
                0x08000ab0                DMA2_Stream6_IRQHandler
                0x08000ab0                DMA1_Stream3_IRQHandler
 *fill*         0x08000ab2        0x2 
 .text.__libc_init_array
                0x08000ab4       0x48 C:/ST/STM32CubeIDE_1.11.2/STM32CubeIDE/plugins/com.st.stm32cube.ide.mcu.externaltools.gnu-tools-for-stm32.12.3.rel1.win32_1.0.100.202403111256/tools/bin/../lib/gcc/arm-none-eabi/12.3.1/../../../../arm-none-eabi/lib/thumb/v7e-m+fp/hard\libc_nano.a(libc_a-init.o)
                0x08000ab4                __libc_init_array
 .text.sinf     0x08000afc       0x8c C:/ST/STM32CubeIDE_1.11.2/STM32CubeIDE/plugins/com.st.stm32cube.ide.mcu.externaltools.gnu-tools-for-stm32.12.3.rel1.win32_1.0.100.202403111256/tools/bin/../lib/gcc/arm-none-eabi/12.3.1/../../../../arm-none-eabi/lib/thumb/v7e-m+fp/hard\libm.a(libm_a-sf_sin.o)
                0x08000afc                sinf
 .text.__kernel_cosf
                0x08000b88       0xb0 C:/ST/STM32CubeIDE_1.11.2/STM32CubeIDE/plugins/com.st.stm32cube.ide.mcu.externaltools.gnu-tools-for-stm32.12.3.rel1.win32_1.0.100.202403111256/tools/bin/../lib/gcc/arm-none-eabi/12.3.1/../../../../arm-none-eabi/lib/thumb/v7e-m+fp/hard\libm.a(libm_a-kf_cos.o)
                0x08000b88                __kernel_cosf
 .text.__kernel_sinf
                0x08000c38       0x90 C:/ST/STM32CubeIDE_1.11.2/STM32CubeIDE/plugins/com.st.stm32cube.ide.mcu.externaltools.gnu-tools-for-stm32.12.3.rel1.win32_1.0.100.202403111256/tools/bin/../lib/gcc/arm-none-eabi/12.3.1/../../../../arm-none-eabi/lib/thumb/v7e-m+fp/hard\libm.a(libm_a-kf_sin.o)
                0x08000c38                __kernel_sinf
 .text.__ieee754_rem_pio2f
                0x08000cc8      0x260 C:/ST/STM32CubeIDE_1.11.2/STM32CubeIDE/plugins/com.st.stm32cube.ide.mcu.externaltools.gnu-tools-for-stm32.12.3.rel1.win32_1.0.100.202403111256/tools/bin/../lib/gcc/arm-none-eabi/12.3.1/../../../../arm-none-eabi/lib/thumb/v7e-m+fp/hard\libm.a(libm_a-ef_rem_pio2.o)
                0x08000cc8                __ieee754_rem_pio2f
 .text.fabsf    0x08000f28        0xe C:/ST/STM32CubeIDE_1.11.2/STM32CubeIDE/plugins/com.st.stm32cube.ide.mcu.externaltools.gnu-tools-for-stm32.12.3.rel1.win32_1.0.100.202403111256/tools/bin/../lib/gcc/arm-none-eabi/12.3.1/../../../../arm-none-eabi/lib/thumb/v7e-m+fp/hard\libm.a(libm_a-sf_fabs.o)
                0x08000f28                fabsf
 *fill*         0x08000f36        0x2 
 .text.__kernel_rem_pio2f
                0x08000f38      0x4e4 C:/ST/STM32CubeIDE_1.11.2/STM32CubeIDE/plugins/com.st.stm32cube.ide.mcu.externaltools.gnu-tools-for-stm32.12.3.rel1.win32_1.0.100.202403111256/tools/bin/../lib/gcc/arm-none-eabi/12.3.1/../../../../arm-none-eabi/lib/thumb/v7e-m+fp/hard\libm.a(libm_a-kf_rem_pio2.o)
                0x08000f38                __kernel_rem_pio2f
 .text.scalbnf  0x0800141c       0xcc C:/ST/STM32CubeIDE_1.11.2/STM32CubeIDE/plugins/com.st.stm32cube.ide.mcu.externaltools.gnu-tools-for-stm32.12.3.rel1.win32_1.0.100.202403111256/tools/bin/../lib/gcc/arm-none-eabi/12.3.1/../../../../arm-none-eabi/lib/thumb/v7e-m+fp/hard\libm.a(libm_a-sf_scalbn.o)
                0x0800141c                scalbnf
 .text.floorf   0x080014e8       0x88 C:/ST/STM32CubeIDE_1.11.2/STM32CubeIDE/plugins/com.st.stm32cube.ide.mcu.externaltools.gnu-tools-for-stm32.12.3.rel1.win32_1.0.100.202403111256/tools/bin/../lib/gcc/arm-none-eabi/12.3.1/../../../../arm-none-eabi/lib/thumb/v7e-m+fp/hard\libm.a(libm_a-sf_floor.o)
                0x080014e8                floorf
 *(.glue_7)
 .glue_7        0x08001570        0x0 linker stubs
 *(.glue_7t)
 .glue_7t       0x08001570        0x0 linker stubs
 *(.eh_frame)
 .eh_frame      0x08001570        0x0 C:/ST/STM32CubeIDE_1.11.2/STM32CubeIDE/plugins/com.st.stm32cube.ide.mcu.externaltools.gnu-tools-for-stm32.12.3.rel1.win32_1.0.100.202403111256/tools/bin/../lib/gcc/arm-none-eabi/12.3.1/thumb/v7e-m+fp/hard/crtbegin.o
 *(.init)
 .init          0x08001570        0x4 C:/ST/STM32CubeIDE_1.11.2/STM32CubeIDE/plugins/com.st.stm32cube.ide.mcu.externaltools.gnu-tools-for-stm32.12.3.rel1.win32_1.0.100.202403111256/tools/bin/../lib/gcc/arm-none-eabi/12.3.1/thumb/v7e-m+fp/hard/crti.o
                0x08001570                _init
 .init          0x08001574        0x8 C:/ST/STM32CubeIDE_1.11.2/STM32CubeIDE/plugins/com.st.stm32cube.ide.mcu.externaltools.gnu-tools-for-stm32.12.3.rel1.win32_1.0.100.202403111256/tools/bin/../lib/gcc/arm-none-eabi/12.3.1/thumb/v7e-m+fp/hard/crtn.o
 *(.fini)
 .fini          0x0800157c        0x4 C:/ST/STM32CubeIDE_1.11.2/STM32CubeIDE/plugins/com.st.stm32cube.ide.mcu.externaltools.gnu-tools-for-stm32.12.3.rel1.win32_1.0.100.202403111256/tools/bin/../lib/gcc/arm-none-eabi/12.3.1/thumb/v7e-m+fp/hard/crti.o
                0x0800157c                _fini
 .fini          0x08001580        0x8 C:/ST/STM32CubeIDE_1.11.2/STM32CubeIDE/plugins/com.st.stm32cube.ide.mcu.externaltools.gnu-tools-for-stm32.12.3.rel1.win32_1.0.100.202403111256/tools/bin/../lib/gcc/arm-none-eabi/12.3.1/thumb/v7e-m+fp/hard/crtn.o
                0x08001588                        . = ALIGN (0x4)
                0x08001588                        _etext = .

.vfp11_veneer   0x08001588        0x0
 .vfp11_veneer  0x08001588        0x0 linker stubs

.v4_bx          0x08001588        0x0
 .v4_bx         0x08001588        0x0 linker stubs

.iplt           0x08001588        0x0
 .iplt          0x08001588        0x0 C:/ST/STM32CubeIDE_1.11.2/STM32CubeIDE/plugins/com.st.stm32cube.ide.mcu.externaltools.gnu-tools-for-stm32.12.3.rel1.win32_1.0.100.202403111256/tools/bin/../lib/gcc/arm-none-eabi/12.3.1/thumb/v7e-m+fp/hard/crtbegin.o

.rodata         0x08001588      0x3d0
                0x08001588                        . = ALIGN (0x4)
 *(.rodata)
 *(.rodata*)
 .rodata.npio2_hw
                0x08001588       0x80 C:/ST/STM32CubeIDE_1.11.2/STM32CubeIDE/plugins/com.st.stm32cube.ide.mcu.externaltools.gnu-tools-for-stm32.12.3.rel1.win32_1.0.100.202403111256/tools/bin/../lib/gcc/arm-none-eabi/12.3.1/../../../../arm-none-eabi/lib/thumb/v7e-m+fp/hard\libm.a(libm_a-ef_rem_pio2.o)
 .rodata.two_over_pi
                0x08001608      0x318 C:/ST/STM32CubeIDE_1.11.2/STM32CubeIDE/plugins/com.st.stm32cube.ide.mcu.externaltools.gnu-tools-for-stm32.12.3.rel1.win32_1.0.100.202403111256/tools/bin/../lib/gcc/arm-none-eabi/12.3.1/../../../../arm-none-eabi/lib/thumb/v7e-m+fp/hard\libm.a(libm_a-ef_rem_pio2.o)
 .rodata.PIo2   0x08001920       0x2c C:/ST/STM32CubeIDE_1.11.2/STM32CubeIDE/plugins/com.st.stm32cube.ide.mcu.externaltools.gnu-tools-for-stm32.12.3.rel1.win32_1.0.100.202403111256/tools/bin/../lib/gcc/arm-none-eabi/12.3.1/../../../../arm-none-eabi/lib/thumb/v7e-m+fp/hard\libm.a(libm_a-kf_rem_pio2.o)
 .rodata.init_jk
                0x0800194c        0xc C:/ST/STM32CubeIDE_1.11.2/STM32CubeIDE/plugins/com.st.stm32cube.ide.mcu.externaltools.gnu-tools-for-stm32.12.3.rel1.win32_1.0.100.202403111256/tools/bin/../lib/gcc/arm-none-eabi/12.3.1/../../../../arm-none-eabi/lib/thumb/v7e-m+fp/hard\libm.a(libm_a-kf_rem_pio2.o)
                0x08001958                        . = ALIGN (0x4)

.ARM.extab      0x08001958        0x0
                0x08001958                        . = ALIGN (0x4)
 *(.ARM.extab* .gnu.linkonce.armextab.*)
                0x08001958                        . = ALIGN (0x4)

.ARM            0x08001958        0x0
                0x08001958                        . = ALIGN (0x4)
                0x08001958                        __exidx_start = .
 *(.ARM.exidx*)
                0x08001958                        __exidx_end = .
                0x08001958                        . = ALIGN (0x4)

.preinit_array  0x08001958        0x0
                0x08001958                        . = ALIGN (0x4)
                0x08001958                        PROVIDE (__preinit_array_start = .)
 *(.preinit_array*)
                0x08001958                        PROVIDE (__preinit_array_end = .)
                0x08001958                        . = ALIGN (0x4)

.init_array     0x08001958        0x4
                0x08001958                        . = ALIGN (0x4)
                0x08001958                        PROVIDE (__init_array_start = .)
 *(SORT_BY_NAME(.init_array.*))
 *(.init_array*)
 .init_array    0x08001958        0x4 C:/ST/STM32CubeIDE_1.11.2/STM32CubeIDE/plugins/com.st.stm32cube.ide.mcu.externaltools.gnu-tools-for-stm32.12.3.rel1.win32_1.0.100.202403111256/tools/bin/../lib/gcc/arm-none-eabi/12.3.1/thumb/v7e-m+fp/hard/crtbegin.o
                0x0800195c                        PROVIDE (__init_array_end = .)
                0x0800195c                        . = ALIGN (0x4)

.fini_array     0x0800195c        0x4
                0x0800195c                        . = ALIGN (0x4)
                [!provide]                        PROVIDE (__fini_array_start = .)
 *(SORT_BY_NAME(.fini_array.*))
 *(.fini_array*)
 .fini_array    0x0800195c        0x4 C:/ST/STM32CubeIDE_1.11.2/STM32CubeIDE/plugins/com.st.stm32cube.ide.mcu.externaltools.gnu-tools-for-stm32.12.3.rel1.win32_1.0.100.202403111256/tools/bin/../lib/gcc/arm-none-eabi/12.3.1/thumb/v7e-m+fp/hard/crtbegin.o
                [!provide]                        PROVIDE (__fini_array_end = .)
                0x08001960                        . = ALIGN (0x4)
                0x08001960                        _sidata = LOADADDR (.data)

.rel.dyn        0x08001960        0x0
 .rel.iplt      0x08001960        0x0 C:/ST/STM32CubeIDE_1.11.2/STM32CubeIDE/plugins/com.st.stm32cube.ide.mcu.externaltools.gnu-tools-for-stm32.12.3.rel1.win32_1.0.100.202403111256/tools/bin/../lib/gcc/arm-none-eabi/12.3.1/thumb/v7e-m+fp/hard/crtbegin.o

.data           0x20000000        0x0 load address 0x08001960
                0x20000000                        . = ALIGN (0x4)
                0x20000000                        _sdata = .
 *(.data)
 *(.data*)
 *(.RamFunc)
 *(.RamFunc*)
                0x20000000                        . = ALIGN (0x4)
                0x20000000                        _edata = .

.igot.plt       0x20000000        0x0 load address 0x08001960
 .igot.plt      0x20000000        0x0 C:/ST/STM32CubeIDE_1.11.2/STM32CubeIDE/plugins/com.st.stm32cube.ide.mcu.externaltools.gnu-tools-for-stm32.12.3.rel1.win32_1.0.100.202403111256/tools/bin/../lib/gcc/arm-none-eabi/12.3.1/thumb/v7e-m+fp/hard/crtbegin.o
                0x20000000                        . = ALIGN (0x4)

.bss            0x20000000       0xf0 load address 0x08001960
                0x20000000                        _sbss = .
                0x20000000                        __bss_start__ = _sbss
 *(.bss)
 .bss           0x20000000       0x1c C:/ST/STM32CubeIDE_1.11.2/STM32CubeIDE/plugins/com.st.stm32cube.ide.mcu.externaltools.gnu-tools-for-stm32.12.3.rel1.win32_1.0.100.202403111256/tools/bin/../lib/gcc/arm-none-eabi/12.3.1/thumb/v7e-m+fp/hard/crtbegin.o
 *(.bss*)
 .bss.mySinVal  0x2000001c        0x4 ./Src/main.o
                0x2000001c                mySinVal
 .bss.sample_dt
                0x20000020        0x4 ./Src/main.o
                0x20000020                sample_dt
 .bss.dataI2S   0x20000024       0xc8 ./Src/main.o
                0x20000024                dataI2S
 .bss.sample_N  0x200000ec        0x2 ./Src/main.o
                0x200000ec                sample_N
 *(COMMON)
                0x200000f0                        . = ALIGN (0x4)
 *fill*         0x200000ee        0x2 
                0x200000f0                        _ebss = .
                0x200000f0                        __bss_end__ = _ebss

._user_heap_stack
                0x200000f0      0x600 load address 0x08001960
                0x200000f0                        . = ALIGN (0x8)
                [!provide]                        PROVIDE (end = .)
                0x200000f0                        PROVIDE (_end = .)
                0x200002f0                        . = (. + _Min_Heap_Size)
 *fill*         0x200000f0      0x200 
                0x200006f0                        . = (. + _Min_Stack_Size)
 *fill*         0x200002f0      0x400 
                0x200006f0                        . = ALIGN (0x8)

/DISCARD/
 libc.a(*)
 libm.a(*)
 libgcc.a(*)

.ARM.attributes
                0x00000000       0x30
 *(.ARM.attributes)
 .ARM.attributes
                0x00000000       0x22 C:/ST/STM32CubeIDE_1.11.2/STM32CubeIDE/plugins/com.st.stm32cube.ide.mcu.externaltools.gnu-tools-for-stm32.12.3.rel1.win32_1.0.100.202403111256/tools/bin/../lib/gcc/arm-none-eabi/12.3.1/thumb/v7e-m+fp/hard/crti.o
 .ARM.attributes
                0x00000022       0x34 C:/ST/STM32CubeIDE_1.11.2/STM32CubeIDE/plugins/com.st.stm32cube.ide.mcu.externaltools.gnu-tools-for-stm32.12.3.rel1.win32_1.0.100.202403111256/tools/bin/../lib/gcc/arm-none-eabi/12.3.1/thumb/v7e-m+fp/hard/crtbegin.o
 .ARM.attributes
                0x00000056       0x34 ./Src/CS43xx.o
 .ARM.attributes
                0x0000008a       0x34 ./Src/I2C.o
 .ARM.attributes
                0x000000be       0x34 ./Src/I2S.o
 .ARM.attributes
                0x000000f2       0x34 ./Src/main.o
 .ARM.attributes
                0x00000126       0x34 ./Src/system_init.o
 .ARM.attributes
                0x0000015a       0x21 ./Startup/startup_stm32f411vetx.o
 .ARM.attributes
                0x0000017b       0x34 C:/ST/STM32CubeIDE_1.11.2/STM32CubeIDE/plugins/com.st.stm32cube.ide.mcu.externaltools.gnu-tools-for-stm32.12.3.rel1.win32_1.0.100.202403111256/tools/bin/../lib/gcc/arm-none-eabi/12.3.1/../../../../arm-none-eabi/lib/thumb/v7e-m+fp/hard\libc_nano.a(libc_a-init.o)
 .ARM.attributes
                0x000001af       0x34 C:/ST/STM32CubeIDE_1.11.2/STM32CubeIDE/plugins/com.st.stm32cube.ide.mcu.externaltools.gnu-tools-for-stm32.12.3.rel1.win32_1.0.100.202403111256/tools/bin/../lib/gcc/arm-none-eabi/12.3.1/../../../../arm-none-eabi/lib/thumb/v7e-m+fp/hard\libm.a(libm_a-sf_sin.o)
 .ARM.attributes
                0x000001e3       0x34 C:/ST/STM32CubeIDE_1.11.2/STM32CubeIDE/plugins/com.st.stm32cube.ide.mcu.externaltools.gnu-tools-for-stm32.12.3.rel1.win32_1.0.100.202403111256/tools/bin/../lib/gcc/arm-none-eabi/12.3.1/../../../../arm-none-eabi/lib/thumb/v7e-m+fp/hard\libm.a(libm_a-kf_cos.o)
 .ARM.attributes
                0x00000217       0x34 C:/ST/STM32CubeIDE_1.11.2/STM32CubeIDE/plugins/com.st.stm32cube.ide.mcu.externaltools.gnu-tools-for-stm32.12.3.rel1.win32_1.0.100.202403111256/tools/bin/../lib/gcc/arm-none-eabi/12.3.1/../../../../arm-none-eabi/lib/thumb/v7e-m+fp/hard\libm.a(libm_a-kf_sin.o)
 .ARM.attributes
                0x0000024b       0x34 C:/ST/STM32CubeIDE_1.11.2/STM32CubeIDE/plugins/com.st.stm32cube.ide.mcu.externaltools.gnu-tools-for-stm32.12.3.rel1.win32_1.0.100.202403111256/tools/bin/../lib/gcc/arm-none-eabi/12.3.1/../../../../arm-none-eabi/lib/thumb/v7e-m+fp/hard\libm.a(libm_a-ef_rem_pio2.o)
 .ARM.attributes
                0x0000027f       0x34 C:/ST/STM32CubeIDE_1.11.2/STM32CubeIDE/plugins/com.st.stm32cube.ide.mcu.externaltools.gnu-tools-for-stm32.12.3.rel1.win32_1.0.100.202403111256/tools/bin/../lib/gcc/arm-none-eabi/12.3.1/../../../../arm-none-eabi/lib/thumb/v7e-m+fp/hard\libm.a(libm_a-sf_fabs.o)
 .ARM.attributes
                0x000002b3       0x34 C:/ST/STM32CubeIDE_1.11.2/STM32CubeIDE/plugins/com.st.stm32cube.ide.mcu.externaltools.gnu-tools-for-stm32.12.3.rel1.win32_1.0.100.202403111256/tools/bin/../lib/gcc/arm-none-eabi/12.3.1/../../../../arm-none-eabi/lib/thumb/v7e-m+fp/hard\libm.a(libm_a-kf_rem_pio2.o)
 .ARM.attributes
                0x000002e7       0x34 C:/ST/STM32CubeIDE_1.11.2/STM32CubeIDE/plugins/com.st.stm32cube.ide.mcu.externaltools.gnu-tools-for-stm32.12.3.rel1.win32_1.0.100.202403111256/tools/bin/../lib/gcc/arm-none-eabi/12.3.1/../../../../arm-none-eabi/lib/thumb/v7e-m+fp/hard\libm.a(libm_a-sf_scalbn.o)
 .ARM.attributes
                0x0000031b       0x34 C:/ST/STM32CubeIDE_1.11.2/STM32CubeIDE/plugins/com.st.stm32cube.ide.mcu.externaltools.gnu-tools-for-stm32.12.3.rel1.win32_1.0.100.202403111256/tools/bin/../lib/gcc/arm-none-eabi/12.3.1/../../../../arm-none-eabi/lib/thumb/v7e-m+fp/hard\libm.a(libm_a-sf_floor.o)
 .ARM.attributes
                0x0000034f       0x22 C:/ST/STM32CubeIDE_1.11.2/STM32CubeIDE/plugins/com.st.stm32cube.ide.mcu.externaltools.gnu-tools-for-stm32.12.3.rel1.win32_1.0.100.202403111256/tools/bin/../lib/gcc/arm-none-eabi/12.3.1/thumb/v7e-m+fp/hard/crtn.o
OUTPUT(Musa_Audio.elf elf32-littlearm)
LOAD linker stubs
LOAD C:/ST/STM32CubeIDE_1.11.2/STM32CubeIDE/plugins/com.st.stm32cube.ide.mcu.externaltools.gnu-tools-for-stm32.12.3.rel1.win32_1.0.100.202403111256/tools/bin/../lib/gcc/arm-none-eabi/12.3.1/../../../../arm-none-eabi/lib/thumb/v7e-m+fp/hard\libc.a
LOAD C:/ST/STM32CubeIDE_1.11.2/STM32CubeIDE/plugins/com.st.stm32cube.ide.mcu.externaltools.gnu-tools-for-stm32.12.3.rel1.win32_1.0.100.202403111256/tools/bin/../lib/gcc/arm-none-eabi/12.3.1/../../../../arm-none-eabi/lib/thumb/v7e-m+fp/hard\libm.a
LOAD C:/ST/STM32CubeIDE_1.11.2/STM32CubeIDE/plugins/com.st.stm32cube.ide.mcu.externaltools.gnu-tools-for-stm32.12.3.rel1.win32_1.0.100.202403111256/tools/bin/../lib/gcc/arm-none-eabi/12.3.1/thumb/v7e-m+fp/hard\libgcc.a

.debug_info     0x00000000     0x1545
 .debug_info    0x00000000      0x4be ./Src/CS43xx.o
 .debug_info    0x000004be      0x44e ./Src/I2C.o
 .debug_info    0x0000090c      0x7ee ./Src/I2S.o
 .debug_info    0x000010fa      0x1b2 ./Src/main.o
 .debug_info    0x000012ac      0x269 ./Src/system_init.o
 .debug_info    0x00001515       0x30 ./Startup/startup_stm32f411vetx.o

.debug_abbrev   0x00000000      0x6a4
 .debug_abbrev  0x00000000      0x1ab ./Src/CS43xx.o
 .debug_abbrev  0x000001ab      0x114 ./Src/I2C.o
 .debug_abbrev  0x000002bf      0x1fc ./Src/I2S.o
 .debug_abbrev  0x000004bb       0xfb ./Src/main.o
 .debug_abbrev  0x000005b6       0xca ./Src/system_init.o
 .debug_abbrev  0x00000680       0x24 ./Startup/startup_stm32f411vetx.o

.debug_aranges  0x00000000      0x178
 .debug_aranges
                0x00000000       0x60 ./Src/CS43xx.o
 .debug_aranges
                0x00000060       0x58 ./Src/I2C.o
 .debug_aranges
                0x000000b8       0x50 ./Src/I2S.o
 .debug_aranges
                0x00000108       0x20 ./Src/main.o
 .debug_aranges
                0x00000128       0x28 ./Src/system_init.o
 .debug_aranges
                0x00000150       0x28 ./Startup/startup_stm32f411vetx.o

.debug_rnglists
                0x00000000      0x101
 .debug_rnglists
                0x00000000       0x45 ./Src/CS43xx.o
 .debug_rnglists
                0x00000045       0x3e ./Src/I2C.o
 .debug_rnglists
                0x00000083       0x38 ./Src/I2S.o
 .debug_rnglists
                0x000000bb       0x14 ./Src/main.o
 .debug_rnglists
                0x000000cf       0x19 ./Src/system_init.o
 .debug_rnglists
                0x000000e8       0x19 ./Startup/startup_stm32f411vetx.o

.debug_macro    0x00000000     0xeec3
 .debug_macro   0x00000000      0x104 ./Src/CS43xx.o
 .debug_macro   0x00000104      0xac6 ./Src/CS43xx.o
 .debug_macro   0x00000bca       0x22 ./Src/CS43xx.o
 .debug_macro   0x00000bec       0x8e ./Src/CS43xx.o
 .debug_macro   0x00000c7a       0x51 ./Src/CS43xx.o
 .debug_macro   0x00000ccb      0x103 ./Src/CS43xx.o
 .debug_macro   0x00000dce       0x6a ./Src/CS43xx.o
 .debug_macro   0x00000e38      0x1df ./Src/CS43xx.o
 .debug_macro   0x00001017       0x28 ./Src/CS43xx.o
 .debug_macro   0x0000103f       0x28 ./Src/CS43xx.o
 .debug_macro   0x00001067       0x1c ./Src/CS43xx.o
 .debug_macro   0x00001083       0x22 ./Src/CS43xx.o
 .debug_macro   0x000010a5       0xd9 ./Src/CS43xx.o
 .debug_macro   0x0000117e     0x102d ./Src/CS43xx.o
 .debug_macro   0x000021ab      0x11f ./Src/CS43xx.o
 .debug_macro   0x000022ca     0xb937 ./Src/CS43xx.o
 .debug_macro   0x0000dc01       0x43 ./Src/CS43xx.o
 .debug_macro   0x0000dc44       0x22 ./Src/CS43xx.o
 .debug_macro   0x0000dc66       0xa0 ./Src/CS43xx.o
 .debug_macro   0x0000dd06       0xeb ./Src/I2C.o
 .debug_macro   0x0000ddf1       0xd8 ./Src/I2S.o
 .debug_macro   0x0000dec9      0x22e ./Src/main.o
 .debug_macro   0x0000e0f7       0x2a ./Src/main.o
 .debug_macro   0x0000e121       0x61 ./Src/main.o
 .debug_macro   0x0000e182       0x43 ./Src/main.o
 .debug_macro   0x0000e1c5       0x34 ./Src/main.o
 .debug_macro   0x0000e1f9       0x16 ./Src/main.o
 .debug_macro   0x0000e20f      0x11c ./Src/main.o
 .debug_macro   0x0000e32b       0x94 ./Src/main.o
 .debug_macro   0x0000e3bf       0x16 ./Src/main.o
 .debug_macro   0x0000e3d5       0x43 ./Src/main.o
 .debug_macro   0x0000e418       0x34 ./Src/main.o
 .debug_macro   0x0000e44c       0x10 ./Src/main.o
 .debug_macro   0x0000e45c       0x58 ./Src/main.o
 .debug_macro   0x0000e4b4       0x8e ./Src/main.o
 .debug_macro   0x0000e542       0x1c ./Src/main.o
 .debug_macro   0x0000e55e      0x177 ./Src/main.o
 .debug_macro   0x0000e6d5      0x369 ./Src/main.o
 .debug_macro   0x0000ea3e       0x16 ./Src/main.o
 .debug_macro   0x0000ea54       0x29 ./Src/main.o
 .debug_macro   0x0000ea7d       0x1c ./Src/main.o
 .debug_macro   0x0000ea99       0x35 ./Src/main.o
 .debug_macro   0x0000eace       0x10 ./Src/main.o
 .debug_macro   0x0000eade       0x1c ./Src/main.o
 .debug_macro   0x0000eafa       0x16 ./Src/main.o
 .debug_macro   0x0000eb10      0x146 ./Src/main.o
 .debug_macro   0x0000ec56      0x19b ./Src/main.o
 .debug_macro   0x0000edf1       0xd2 ./Src/system_init.o

.debug_line     0x00000000     0x2293
 .debug_line    0x00000000      0x727 ./Src/CS43xx.o
 .debug_line    0x00000727      0x6fb ./Src/I2C.o
 .debug_line    0x00000e22      0x707 ./Src/I2S.o
 .debug_line    0x00001529      0x771 ./Src/main.o
 .debug_line    0x00001c9a      0x57e ./Src/system_init.o
 .debug_line    0x00002218       0x7b ./Startup/startup_stm32f411vetx.o

.debug_str      0x00000000    0x5427e
 .debug_str     0x00000000    0x4f9e5 ./Src/CS43xx.o
                              0x4fb68 (size before relaxing)
 .debug_str     0x0004f9e5       0x4f ./Src/I2C.o
                              0x4f893 (size before relaxing)
 .debug_str     0x0004fa34      0x49a ./Src/I2S.o
                              0x4fc68 (size before relaxing)
 .debug_str     0x0004fece     0x433e ./Src/main.o
                              0x53d1e (size before relaxing)
 .debug_str     0x0005420c       0x33 ./Src/system_init.o
                              0x4f777 (size before relaxing)
 .debug_str     0x0005423f       0x3f ./Startup/startup_stm32f411vetx.o
                                 0x7b (size before relaxing)

.comment        0x00000000       0x43
 .comment       0x00000000       0x43 ./Src/CS43xx.o
                                 0x44 (size before relaxing)
 .comment       0x00000043       0x44 ./Src/I2C.o
 .comment       0x00000043       0x44 ./Src/I2S.o
 .comment       0x00000043       0x44 ./Src/main.o
 .comment       0x00000043       0x44 ./Src/system_init.o

.debug_frame    0x00000000      0x584
 .debug_frame   0x00000000      0x144 ./Src/CS43xx.o
 .debug_frame   0x00000144      0x128 ./Src/I2C.o
 .debug_frame   0x0000026c      0x104 ./Src/I2S.o
 .debug_frame   0x00000370       0x30 ./Src/main.o
 .debug_frame   0x000003a0       0x4c ./Src/system_init.o
 .debug_frame   0x000003ec       0x2c C:/ST/STM32CubeIDE_1.11.2/STM32CubeIDE/plugins/com.st.stm32cube.ide.mcu.externaltools.gnu-tools-for-stm32.12.3.rel1.win32_1.0.100.202403111256/tools/bin/../lib/gcc/arm-none-eabi/12.3.1/../../../../arm-none-eabi/lib/thumb/v7e-m+fp/hard\libc_nano.a(libc_a-init.o)
 .debug_frame   0x00000418       0x38 C:/ST/STM32CubeIDE_1.11.2/STM32CubeIDE/plugins/com.st.stm32cube.ide.mcu.externaltools.gnu-tools-for-stm32.12.3.rel1.win32_1.0.100.202403111256/tools/bin/../lib/gcc/arm-none-eabi/12.3.1/../../../../arm-none-eabi/lib/thumb/v7e-m+fp/hard\libm.a(libm_a-sf_sin.o)
 .debug_frame   0x00000450       0x20 C:/ST/STM32CubeIDE_1.11.2/STM32CubeIDE/plugins/com.st.stm32cube.ide.mcu.externaltools.gnu-tools-for-stm32.12.3.rel1.win32_1.0.100.202403111256/tools/bin/../lib/gcc/arm-none-eabi/12.3.1/../../../../arm-none-eabi/lib/thumb/v7e-m+fp/hard\libm.a(libm_a-kf_cos.o)
 .debug_frame   0x00000470       0x20 C:/ST/STM32CubeIDE_1.11.2/STM32CubeIDE/plugins/com.st.stm32cube.ide.mcu.externaltools.gnu-tools-for-stm32.12.3.rel1.win32_1.0.100.202403111256/tools/bin/../lib/gcc/arm-none-eabi/12.3.1/../../../../arm-none-eabi/lib/thumb/v7e-m+fp/hard\libm.a(libm_a-kf_sin.o)
 .debug_frame   0x00000490       0x38 C:/ST/STM32CubeIDE_1.11.2/STM32CubeIDE/plugins/com.st.stm32cube.ide.mcu.externaltools.gnu-tools-for-stm32.12.3.rel1.win32_1.0.100.202403111256/tools/bin/../lib/gcc/arm-none-eabi/12.3.1/../../../../arm-none-eabi/lib/thumb/v7e-m+fp/hard\libm.a(libm_a-ef_rem_pio2.o)
 .debug_frame   0x000004c8       0x20 C:/ST/STM32CubeIDE_1.11.2/STM32CubeIDE/plugins/com.st.stm32cube.ide.mcu.externaltools.gnu-tools-for-stm32.12.3.rel1.win32_1.0.100.202403111256/tools/bin/../lib/gcc/arm-none-eabi/12.3.1/../../../../arm-none-eabi/lib/thumb/v7e-m+fp/hard\libm.a(libm_a-sf_fabs.o)
 .debug_frame   0x000004e8       0x5c C:/ST/STM32CubeIDE_1.11.2/STM32CubeIDE/plugins/com.st.stm32cube.ide.mcu.externaltools.gnu-tools-for-stm32.12.3.rel1.win32_1.0.100.202403111256/tools/bin/../lib/gcc/arm-none-eabi/12.3.1/../../../../arm-none-eabi/lib/thumb/v7e-m+fp/hard\libm.a(libm_a-kf_rem_pio2.o)
 .debug_frame   0x00000544       0x20 C:/ST/STM32CubeIDE_1.11.2/STM32CubeIDE/plugins/com.st.stm32cube.ide.mcu.externaltools.gnu-tools-for-stm32.12.3.rel1.win32_1.0.100.202403111256/tools/bin/../lib/gcc/arm-none-eabi/12.3.1/../../../../arm-none-eabi/lib/thumb/v7e-m+fp/hard\libm.a(libm_a-sf_scalbn.o)
 .debug_frame   0x00000564       0x20 C:/ST/STM32CubeIDE_1.11.2/STM32CubeIDE/plugins/com.st.stm32cube.ide.mcu.externaltools.gnu-tools-for-stm32.12.3.rel1.win32_1.0.100.202403111256/tools/bin/../lib/gcc/arm-none-eabi/12.3.1/../../../../arm-none-eabi/lib/thumb/v7e-m+fp/hard\libm.a(libm_a-sf_floor.o)

.debug_line_str
                0x00000000       0x5f
 .debug_line_str
                0x00000000       0x5f ./Startup/startup_stm32f411vetx.o
